[pixelzilla.io/index.html]
[backblue.gif]
[fade.gif]
[index.html]
[raw.githubusercontent.com/PixelZillaOfficial/images/main/3.png]
[pixelzilla.io/styles/main.css]
[pixelzilla.io/styles/slider.css]
[pixelzilla.io/styles/components.css]
[pixelzilla.io/resources/images/favicon.ico]
[cdnjs.cloudflare.com/ajax/libs/font-awesome/4.7.0/css/font-awesome.min.css]
[pixelzilla.io/resources/images/socials/telegram.svg]
[pixelzilla.io/resources/images/socials/twitter.svg]
[pixelzilla.io/resources/images/6.png]
[pixelzilla.io/resources/images/Certificate_PZILLA.png]
[pixelzilla.io/resources/images/icons/marketing.svg]
[pixelzilla.io/resources/images/icons/analytics.svg]
[pixelzilla.io/resources/images/icons/research.svg]
[pixelzilla.io/resources/images/persons/dinosaur-0001.png]
[pixelzilla.io/resources/images/persons/dinosaur-0002.png]
[pixelzilla.io/resources/images/persons/dinosaur-0003.png]
[pixelzilla.io/resources/images/4.png]
[pixelzilla.io/cdn-cgi/l/email-protection.html]
[pixelzilla.io/resources/images/icons/email.svg]
[pixelzilla.io/cdn-cgi/scripts/5c5dd728/cloudflare-static/email-decode.min.js]
[pixelzilla.io/index.html]
[pixelzilla.io/main.js]
[pixelzilla.io/resources/fonts/Roboto-Black.ttf]
[pixelzilla.io/styles/main.css]
[pixelzilla.io/styles/slider.css]
[pixelzilla.io/styles/components.css]
[cdnjs.cloudflare.com/ajax/libs/font-awesome/4.7.0/css/font-awesome.min.css]
[pixelzilla.io/resources/images/socials/telegram.svg]
[pixelzilla.io/resources/images/socials/twitter.svg]
[pixelzilla.io/resources/images/icons/marketing.svg]
[pixelzilla.io/resources/images/icons/analytics.svg]
[pixelzilla.io/resources/images/icons/research.svg]
[pixelzilla.io/cdn-cgi/l/email-protection.html]
[pixelzilla.io/resources/images/icons/email.svg]
